[backblue.gif]
[fade.gif]
[index.html]
[www.wiselythemes.com/html/neela/images/fav_touch_icons/favicon.ico]
[www.wiselythemes.com/html/neela/images/fav_touch_icons/apple-touch-icon-180x180.png]
[www.wiselythemes.com/html/neela/images/fav_touch_icons/manifest.json]
[www.wiselythemes.com/html/neela/js/modernizr-3.6.0.min.js]
[www.wiselythemes.com/html/neela/images/logo-white.png]
[www.wiselythemes.com/html/neela/images/hero-img2.jpg]
[www.wiselythemes.com/html/neela/images/landscape.mp4]
[www.wiselythemes.com/html/neela/images/groom.jpg]
[www.wiselythemes.com/html/neela/images/bride.jpg]
[www.wiselythemes.com/html/neela/images/timeline-first-date.jpg]
[www.wiselythemes.com/html/neela/images/timeline-first-kiss.jpg]
[www.wiselythemes.com/html/neela/images/timeline-slider-img1.jpg]
[www.wiselythemes.com/html/neela/images/timeline-slider-img2.jpg]
[www.wiselythemes.com/html/neela/images/timeline-slider-img3.jpg]
[www.wiselythemes.com/html/neela/images/timeline-slider-img4.jpg]
[www.wiselythemes.com/html/neela/images/timeline-slider-img5.jpg]
[www.wiselythemes.com/html/neela/images/timeline-slider-img6.jpg]
[www.wiselythemes.com/html/neela/images/timeline-slider-img7.jpg]
[www.wiselythemes.com/html/neela/images/timeline-slider-img8.jpg]
[www.wiselythemes.com/html/neela/images/timeline-proposal-img1.jpg]
[www.wiselythemes.com/html/neela/images/timeline-proposal-img2.jpg]
[www.wiselythemes.com/html/neela/images/bridesmaids-img1.jpg]
[www.wiselythemes.com/html/neela/images/bridesmaids-img2.jpg]
[www.wiselythemes.com/html/neela/images/bridesmaids-img3.jpg]
[www.wiselythemes.com/html/neela/images/groomsmen-img1.jpg]
[www.wiselythemes.com/html/neela/images/groomsmen-img2.jpg]
[www.wiselythemes.com/html/neela/images/groomsmen-img3.jpg]
[www.wiselythemes.com/html/neela/images/signature-2.png]
[www.wiselythemes.com/html/neela/images/gallery-img1.jpg]
[www.wiselythemes.com/html/neela/images/gallery-thumb1.jpg]
[www.wiselythemes.com/html/neela/images/gallery-img2.jpg]
[www.wiselythemes.com/html/neela/images/gallery-thumb2.jpg]
[www.wiselythemes.com/html/neela/images/gallery-img3.jpg]
[www.wiselythemes.com/html/neela/images/gallery-thumb3.jpg]
[www.wiselythemes.com/html/neela/images/gallery-img4.jpg]
[www.wiselythemes.com/html/neela/images/gallery-thumb4.jpg]
[www.wiselythemes.com/html/neela/images/gallery-img5.jpg]
[www.wiselythemes.com/html/neela/images/gallery-thumb5.jpg]
[www.wiselythemes.com/html/neela/images/gallery-img6.jpg]
[www.wiselythemes.com/html/neela/images/gallery-thumb6.jpg]
[www.wiselythemes.com/html/neela/images/gallery-img7.jpg]
[www.wiselythemes.com/html/neela/images/gallery-thumb7.jpg]
[www.wiselythemes.com/html/neela/images/gallery-img8.jpg]
[www.wiselythemes.com/html/neela/images/gallery-thumb8.jpg]
[www.wiselythemes.com/html/neela/images/gallery-img9.jpg]
[www.wiselythemes.com/html/neela/images/gallery-thumb9.jpg]
[www.wiselythemes.com/html/neela/images/gallery-img10.jpg]
[www.wiselythemes.com/html/neela/images/gallery-thumb10.jpg]
[www.wiselythemes.com/html/neela/images/post1.jpg]
[www.wiselythemes.com/html/neela/images/post2.jpg]
[www.wiselythemes.com/html/neela/images/post3.jpg]
[www.wiselythemes.com/html/neela/js/richmarker.js]
[www.wiselythemes.com/html/neela/js/jquery-3.6.0.min.js]
[www.wiselythemes.com/html/neela/js/jquery-ui.min.js]
[www.wiselythemes.com/html/neela/js/jquery-migrate-3.3.2.min.js]
[www.wiselythemes.com/html/neela/js/bootstrap.bundle.min.js]
[www.wiselythemes.com/html/neela/js/jquery.placeholder.min.js]
[www.wiselythemes.com/html/neela/js/ismobile.js]
[www.wiselythemes.com/html/neela/js/retina.min.js]
[www.wiselythemes.com/html/neela/js/waypoints.min.js]
[www.wiselythemes.com/html/neela/js/waypoints-sticky.min.js]
[www.wiselythemes.com/html/neela/js/owl.carousel.min.js]
[www.wiselythemes.com/html/neela/js/lightbox.min.js]
[www.wiselythemes.com/html/neela/js/jquery.nicescroll.js]
[www.wiselythemes.com/html/neela/js/variables.js]
[www.wiselythemes.com/html/neela/js/scripts.js]
[www.google.com/recaptcha/api.js]
[www.wiselythemes.com/html/neela/js/template.settings.js]
[www.wiselythemes.com/html/neela/index-onepage-video.html]
[www.wiselythemes.com/html/neela/images/fav_touch_icons/favicon.svg]
[www.wiselythemes.com/html/neela/css/bootstrap.min.css]
[www.wiselythemes.com/html/neela/webfonts/fa-brands-400.eot]
[www.wiselythemes.com/html/neela/webfonts/fa-brands-400d41d.eot]
[www.wiselythemes.com/html/neela/webfonts/fa-brands-400.woff2]
[www.wiselythemes.com/html/neela/webfonts/fa-brands-400.woff]
[www.wiselythemes.com/html/neela/webfonts/fa-brands-400.ttf]
[www.wiselythemes.com/html/neela/webfonts/fa-regular-400.eot]
[www.wiselythemes.com/html/neela/webfonts/fa-regular-400d41d.eot]
[www.wiselythemes.com/html/neela/webfonts/fa-regular-400.woff2]
[www.wiselythemes.com/html/neela/webfonts/fa-regular-400.woff]
[www.wiselythemes.com/html/neela/webfonts/fa-regular-400.ttf]
[www.wiselythemes.com/html/neela/webfonts/fa-solid-900.eot]
[www.wiselythemes.com/html/neela/webfonts/fa-solid-900d41d.eot]
[www.wiselythemes.com/html/neela/webfonts/fa-solid-900.woff2]
[www.wiselythemes.com/html/neela/webfonts/fa-solid-900.woff]
[www.wiselythemes.com/html/neela/webfonts/fa-solid-900.ttf]
[www.wiselythemes.com/html/neela/css/fontawesome-all.min.css]
[www.wiselythemes.com/html/neela/webfonts/neela-icon-set.eot]
[www.wiselythemes.com/html/neela/webfonts/neela-icon-setd41d.eot]
[www.wiselythemes.com/html/neela/webfonts/neela-icon-set.woff]
[www.wiselythemes.com/html/neela/webfonts/neela-icon-set.ttf]
[www.wiselythemes.com/html/neela/css/neela-icon-set.css]
[www.wiselythemes.com/html/neela/css/owl.carousel.min.css]
[www.wiselythemes.com/html/neela/webfonts/playfairdisplay-regular.woff2]
[www.wiselythemes.com/html/neela/webfonts/playfairdisplay-regular.woff]
[www.wiselythemes.com/html/neela/images/our-story-background-img.jpg]
[www.wiselythemes.com/html/neela/images/our-story-background-img@2x.jpg]
[www.wiselythemes.com/html/neela/images/invitation-background.jpg]
[www.wiselythemes.com/html/neela/images/invitation-background@2x.jpg]
[www.wiselythemes.com/html/neela/images/bridesmaids-background.jpg]
[www.wiselythemes.com/html/neela/images/bridesmaids-background@2x.jpg]
[www.wiselythemes.com/html/neela/images/groomsmen-background.jpg]
[www.wiselythemes.com/html/neela/images/groomsmen-background@2x.jpg]
[www.wiselythemes.com/html/neela/images/gift-background-img.jpg]
[www.wiselythemes.com/html/neela/images/gift-background-img@2x.jpg]
[www.wiselythemes.com/html/neela/images/menu.jpg]
[www.wiselythemes.com/html/neela/images/menu@2x.jpg]
[www.wiselythemes.com/html/neela/images/neela-pattern.png]
[www.wiselythemes.com/html/neela/images/loading.gif]
[www.wiselythemes.com/html/neela/css/style.css]
[www.wiselythemes.com/html/neela/images/logo.png]
[www.wiselythemes.com/html/neela/images/post1_img2.jpg]
[www.wiselythemes.com/html/neela/images/post1_img3.jpg]
[www.wiselythemes.com/html/neela/images/post1_img4.jpg]
[www.wiselythemes.com/html/neela/images/comments1.jpg]
[www.wiselythemes.com/html/neela/images/comments2.jpg]
[www.wiselythemes.com/html/neela/images/comments3.jpg]
[www.wiselythemes.com/html/neela/images/about_me.jpg]
[www.wiselythemes.com/html/neela/images/signature.png]
[www.wiselythemes.com/html/neela/images/post1_thumb.jpg]
[www.wiselythemes.com/html/neela/images/post2_thumb.jpg]
[www.wiselythemes.com/html/neela/images/post3_thumb.jpg]
[www.wiselythemes.com/html/neela/blog-single-post.html]
[pinterest.com/pin/create/button/indexeb31.html]
[www.wiselythemes.com/html/neela/images/post4.jpg]
[www.wiselythemes.com/html/neela/blog-listing-sidebar-right.html]
[www.wiselythemes.com/html/neela/webfonts/fa-brands-400.svg]
[www.wiselythemes.com/html/neela/webfonts/fa-regular-400.svg]
[www.wiselythemes.com/html/neela/webfonts/fa-solid-900.svg]
[www.wiselythemes.com/html/neela/webfonts/neela-icon-set.svg]
[www.wiselythemes.com/html/neela/css/owl.video.play.html]
[www.wiselythemes.com/html/neela/images/gallery-img3@2x.html]
[www.wiselythemes.com/html/neela/images/flower-large.svg]
[www.wiselythemes.com/html/neela/images/flower-medium.svg]
[www.wiselythemes.com/html/neela/images/flower-small.svg]
[www.wiselythemes.com/html/neela/images/flower-large-light.svg]
[www.wiselythemes.com/html/neela/images/flower-large-dark.svg]
[www.wiselythemes.com/html/neela/images/macys-logo.png]
[www.wiselythemes.com/html/neela/images/bed-bath-beyond-logo.png]
[www.wiselythemes.com/html/neela/images/gallery-img11.jpg]
[www.wiselythemes.com/html/neela/images/gallery-thumb11.jpg]
[www.wiselythemes.com/html/neela/images/gallery-img12.jpg]
[www.wiselythemes.com/html/neela/images/gallery-thumb12.jpg]
[www.wiselythemes.com/html/neela/images/gallery-img13.jpg]
[www.wiselythemes.com/html/neela/images/gallery-thumb13.jpg]
[www.wiselythemes.com/html/neela/images/gallery-img14.jpg]
[www.wiselythemes.com/html/neela/images/gallery-thumb14.jpg]
[www.wiselythemes.com/html/neela/images/gallery-img15.jpg]
[www.wiselythemes.com/html/neela/images/gallery-thumb15.jpg]
[www.wiselythemes.com/html/neela/images/gallery-img16.jpg]
[www.wiselythemes.com/html/neela/images/gallery-thumb16.jpg]
[www.wiselythemes.com/html/neela/images/gallery-img17.jpg]
[www.wiselythemes.com/html/neela/images/gallery-thumb17.jpg]
[www.wiselythemes.com/html/neela/images/gallery-img18.jpg]
[www.wiselythemes.com/html/neela/images/gallery-thumb18.jpg]
[www.wiselythemes.com/html/neela/images/gallery-img19.jpg]
[www.wiselythemes.com/html/neela/images/gallery-thumb19.jpg]
[www.wiselythemes.com/html/neela/images/gallery-img20.jpg]
[www.wiselythemes.com/html/neela/images/gallery-thumb20.jpg]
[www.wiselythemes.com/html/neela/js/jquery.zoomslider.js]
[www.wiselythemes.com/html/neela/index.html]
[www.wiselythemes.com/html/neela/images/bride_groom.jpg]
[www.wiselythemes.com/html/neela/index-multipage.html]
[www.wiselythemes.com/html/neela/about-us.html]
[www.wiselythemes.com/html/neela/wedding-details.html]
[www.wiselythemes.com/html/neela/wedding-party.html]
[www.wiselythemes.com/html/neela/gallery.html]
[www.wiselythemes.com/html/neela/gallery-2.html]
[www.wiselythemes.com/html/neela/gallery-3.html]
[www.wiselythemes.com/html/neela/blog-listing-sidebar-left.html]
[www.wiselythemes.com/html/neela/blog-listing-no-sidebar-1.html]
[www.wiselythemes.com/html/neela/images/post5.jpg]
[www.wiselythemes.com/html/neela/images/post6.jpg]
[www.wiselythemes.com/html/neela/blog-listing-no-sidebar-2.html]
[www.wiselythemes.com/html/neela/images/client-logo-white1.png]
[www.wiselythemes.com/html/neela/images/client-logo-white2.png]
[www.wiselythemes.com/html/neela/images/client-logo-white3.png]
[www.wiselythemes.com/html/neela/images/client-logo-white4.png]
[www.wiselythemes.com/html/neela/images/client-logo-white5.png]
[www.wiselythemes.com/html/neela/gift-registry.html]
[www.wiselythemes.com/html/neela/rsvp.html]
[pinterest.com/pin/create/button/index4ed6.html]
